[0.007s][info][gc,heap] Heap region size: 8M
[0.007s][info][gc,heap,coops] Heap address: 0x0000000700000000, size: 4096 MB, Compressed Oops mode: Zero based, Oop shift amount: 3
[0.008s][info][gc           ] Using G1
[0.009s][info][gc,cds       ] Mark closed archive regions in map: [0x00000007bf800000, 0x00000007bf87bff8]
[0.009s][info][gc,cds       ] Mark open archive regions in map: [0x00000007bf700000, 0x00000007bf751ff8]
[0.024s][info][gc           ] Periodic GC disabled
[0.129s][info][gc,start     ] GC(0) Pause Young (Normal) (G1 Evacuation Pause)
[0.129s][info][gc,task      ] GC(0) Using 6 workers of 8 for evacuation
[0.140s][info][gc,phases    ] GC(0)   Pre Evacuate Collection Set: 0.1ms
[0.140s][info][gc,phases    ] GC(0)   Merge Heap Roots: 0.1ms
[0.140s][info][gc,phases    ] GC(0)   Evacuate Collection Set: 10.6ms
[0.140s][info][gc,phases    ] GC(0)   Post Evacuate Collection Set: 0.2ms
[0.140s][info][gc,phases    ] GC(0)   Other: 0.4ms
[0.140s][info][gc,heap      ] GC(0) Eden regions: 2->0(1)
[0.140s][info][gc,heap      ] GC(0) Survivor regions: 0->1(1)
[0.140s][info][gc,heap      ] GC(0) Old regions: 0->1
[0.140s][info][gc,heap      ] GC(0) Archive regions: 2->2
[0.140s][info][gc,heap      ] GC(0) Humongous regions: 0->0
[0.140s][info][gc,metaspace ] GC(0) Metaspace: 527K(4864K)->527K(4864K) NonClass: 477K(4352K)->477K(4352K) Class: 50K(512K)->50K(512K)
[0.140s][info][gc           ] GC(0) Pause Young (Normal) (G1 Evacuation Pause) 23M->22M(272M) 11.569ms
[0.140s][info][gc,cpu       ] GC(0) User=0.04s Sys=0.02s Real=0.01s
[0.156s][info][gc,start     ] GC(1) Pause Young (Normal) (G1 Evacuation Pause)
[0.156s][info][gc,task      ] GC(1) Using 6 workers of 8 for evacuation
[0.164s][info][gc,phases    ] GC(1)   Pre Evacuate Collection Set: 0.1ms
[0.164s][info][gc,phases    ] GC(1)   Merge Heap Roots: 0.1ms
[0.164s][info][gc,phases    ] GC(1)   Evacuate Collection Set: 7.7ms
[0.164s][info][gc,phases    ] GC(1)   Post Evacuate Collection Set: 0.2ms
[0.164s][info][gc,phases    ] GC(1)   Other: 0.2ms
[0.164s][info][gc,heap      ] GC(1) Eden regions: 1->0(1)
[0.164s][info][gc,heap      ] GC(1) Survivor regions: 1->1(1)
[0.164s][info][gc,heap      ] GC(1) Old regions: 1->2
[0.164s][info][gc,heap      ] GC(1) Archive regions: 2->2
[0.164s][info][gc,heap      ] GC(1) Humongous regions: 0->0
[0.164s][info][gc,metaspace ] GC(1) Metaspace: 529K(4864K)->529K(4864K) NonClass: 478K(4352K)->478K(4352K) Class: 50K(512K)->50K(512K)
[0.164s][info][gc           ] GC(1) Pause Young (Normal) (G1 Evacuation Pause) 30M->26M(272M) 8.472ms
[0.164s][info][gc,cpu       ] GC(1) User=0.03s Sys=0.01s Real=0.01s
[0.180s][info][gc,start     ] GC(2) Pause Young (Normal) (G1 Evacuation Pause)
[0.180s][info][gc,task      ] GC(2) Using 6 workers of 8 for evacuation
[0.188s][info][gc,phases    ] GC(2)   Pre Evacuate Collection Set: 0.1ms
[0.188s][info][gc,phases    ] GC(2)   Merge Heap Roots: 0.1ms
[0.188s][info][gc,phases    ] GC(2)   Evacuate Collection Set: 7.9ms
[0.188s][info][gc,phases    ] GC(2)   Post Evacuate Collection Set: 0.3ms
[0.188s][info][gc,phases    ] GC(2)   Other: 0.2ms
[0.188s][info][gc,heap      ] GC(2) Eden regions: 1->0(2)
[0.188s][info][gc,heap      ] GC(2) Survivor regions: 1->1(1)
[0.188s][info][gc,heap      ] GC(2) Old regions: 2->2
[0.188s][info][gc,heap      ] GC(2) Archive regions: 2->2
[0.188s][info][gc,heap      ] GC(2) Humongous regions: 0->0
[0.188s][info][gc,metaspace ] GC(2) Metaspace: 529K(4864K)->529K(4864K) NonClass: 478K(4352K)->478K(4352K) Class: 50K(512K)->50K(512K)
[0.189s][info][gc           ] GC(2) Pause Young (Normal) (G1 Evacuation Pause) 34M->30M(272M) 8.740ms
[0.189s][info][gc,cpu       ] GC(2) User=0.04s Sys=0.00s Real=0.01s
[0.219s][info][gc,start     ] GC(3) Pause Young (Normal) (G1 Evacuation Pause)
[0.219s][info][gc,task      ] GC(3) Using 6 workers of 8 for evacuation
[0.235s][info][gc,phases    ] GC(3)   Pre Evacuate Collection Set: 0.1ms
[0.235s][info][gc,phases    ] GC(3)   Merge Heap Roots: 0.1ms
[0.235s][info][gc,phases    ] GC(3)   Evacuate Collection Set: 16.0ms
[0.235s][info][gc,phases    ] GC(3)   Post Evacuate Collection Set: 0.3ms
[0.235s][info][gc,phases    ] GC(3)   Other: 0.2ms
[0.235s][info][gc,heap      ] GC(3) Eden regions: 2->0(4)
[0.235s][info][gc,heap      ] GC(3) Survivor regions: 1->1(1)
[0.235s][info][gc,heap      ] GC(3) Old regions: 2->4
[0.235s][info][gc,heap      ] GC(3) Archive regions: 2->2
[0.235s][info][gc,heap      ] GC(3) Humongous regions: 0->0
[0.235s][info][gc,metaspace ] GC(3) Metaspace: 529K(4864K)->529K(4864K) NonClass: 478K(4352K)->478K(4352K) Class: 50K(512K)->50K(512K)
[0.235s][info][gc           ] GC(3) Pause Young (Normal) (G1 Evacuation Pause) 46M->42M(272M) 16.857ms
[0.235s][info][gc,cpu       ] GC(3) User=0.07s Sys=0.02s Real=0.02s
[0.293s][info][gc,start     ] GC(4) Pause Young (Normal) (G1 Evacuation Pause)
[0.293s][info][gc,task      ] GC(4) Using 6 workers of 8 for evacuation
[0.316s][info][gc,phases    ] GC(4)   Pre Evacuate Collection Set: 0.1ms
[0.316s][info][gc,phases    ] GC(4)   Merge Heap Roots: 0.1ms
[0.316s][info][gc,phases    ] GC(4)   Evacuate Collection Set: 21.0ms
[0.316s][info][gc,phases    ] GC(4)   Post Evacuate Collection Set: 1.2ms
[0.316s][info][gc,phases    ] GC(4)   Other: 0.2ms
[0.316s][info][gc,heap      ] GC(4) Eden regions: 4->0(5)
[0.316s][info][gc,heap      ] GC(4) Survivor regions: 1->1(1)
[0.316s][info][gc,heap      ] GC(4) Old regions: 4->7
[0.316s][info][gc,heap      ] GC(4) Archive regions: 2->2
[0.316s][info][gc,heap      ] GC(4) Humongous regions: 0->0
[0.316s][info][gc,metaspace ] GC(4) Metaspace: 529K(4864K)->529K(4864K) NonClass: 478K(4352K)->478K(4352K) Class: 50K(512K)->50K(512K)
[0.316s][info][gc           ] GC(4) Pause Young (Normal) (G1 Evacuation Pause) 74M->67M(712M) 22.620ms
[0.316s][info][gc,cpu       ] GC(4) User=0.09s Sys=0.04s Real=0.02s
[0.415s][info][gc,start     ] GC(5) Pause Young (Normal) (G1 Evacuation Pause)
[0.415s][info][gc,task      ] GC(5) Using 8 workers of 8 for evacuation
[0.441s][info][gc,phases    ] GC(5)   Pre Evacuate Collection Set: 0.1ms
[0.441s][info][gc,phases    ] GC(5)   Merge Heap Roots: 0.1ms
[0.441s][info][gc,phases    ] GC(5)   Evacuate Collection Set: 25.1ms
[0.441s][info][gc,phases    ] GC(5)   Post Evacuate Collection Set: 0.5ms
[0.441s][info][gc,phases    ] GC(5)   Other: 0.4ms
[0.441s][info][gc,heap      ] GC(5) Eden regions: 5->0(7)
[0.441s][info][gc,heap      ] GC(5) Survivor regions: 1->1(1)
[0.441s][info][gc,heap      ] GC(5) Old regions: 7->11
[0.441s][info][gc,heap      ] GC(5) Archive regions: 2->2
[0.441s][info][gc,heap      ] GC(5) Humongous regions: 0->0
[0.441s][info][gc,metaspace ] GC(5) Metaspace: 529K(4864K)->529K(4864K) NonClass: 478K(4352K)->478K(4352K) Class: 50K(512K)->50K(512K)
[0.441s][info][gc           ] GC(5) Pause Young (Normal) (G1 Evacuation Pause) 107M->101M(712M) 26.201ms
[0.441s][info][gc,cpu       ] GC(5) User=0.13s Sys=0.07s Real=0.02s
[0.534s][info][gc,start     ] GC(6) Pause Young (Normal) (G1 Evacuation Pause)
[0.534s][info][gc,task      ] GC(6) Using 8 workers of 8 for evacuation
[0.561s][info][gc,phases    ] GC(6)   Pre Evacuate Collection Set: 0.1ms
[0.561s][info][gc,phases    ] GC(6)   Merge Heap Roots: 0.1ms
[0.561s][info][gc,phases    ] GC(6)   Evacuate Collection Set: 26.6ms
[0.561s][info][gc,phases    ] GC(6)   Post Evacuate Collection Set: 0.7ms
[0.561s][info][gc,phases    ] GC(6)   Other: 0.1ms
[0.561s][info][gc,heap      ] GC(6) Eden regions: 7->0(9)
[0.561s][info][gc,heap      ] GC(6) Survivor regions: 1->1(1)
[0.561s][info][gc,heap      ] GC(6) Old regions: 11->17
[0.561s][info][gc,heap      ] GC(6) Archive regions: 2->2
[0.561s][info][gc,heap      ] GC(6) Humongous regions: 0->0
[0.561s][info][gc,metaspace ] GC(6) Metaspace: 529K(4864K)->529K(4864K) NonClass: 478K(4352K)->478K(4352K) Class: 50K(512K)->50K(512K)
[0.562s][info][gc           ] GC(6) Pause Young (Normal) (G1 Evacuation Pause) 157M->149M(712M) 27.631ms
[0.562s][info][gc,cpu       ] GC(6) User=0.12s Sys=0.06s Real=0.02s
[0.684s][info][gc,start     ] GC(7) Pause Young (Normal) (G1 Evacuation Pause)
[0.684s][info][gc,task      ] GC(7) Using 8 workers of 8 for evacuation
[0.722s][info][gc,phases    ] GC(7)   Pre Evacuate Collection Set: 0.0ms
[0.722s][info][gc,phases    ] GC(7)   Merge Heap Roots: 0.0ms
[0.722s][info][gc,phases    ] GC(7)   Evacuate Collection Set: 37.3ms
[0.722s][info][gc,phases    ] GC(7)   Post Evacuate Collection Set: 0.6ms
[0.722s][info][gc,phases    ] GC(7)   Other: 0.1ms
[0.722s][info][gc,heap      ] GC(7) Eden regions: 9->0(11)
[0.722s][info][gc,heap      ] GC(7) Survivor regions: 1->2(2)
[0.722s][info][gc,heap      ] GC(7) Old regions: 17->24
[0.722s][info][gc,heap      ] GC(7) Archive regions: 2->2
[0.722s][info][gc,heap      ] GC(7) Humongous regions: 0->0
[0.722s][info][gc,metaspace ] GC(7) Metaspace: 529K(4864K)->529K(4864K) NonClass: 478K(4352K)->478K(4352K) Class: 50K(512K)->50K(512K)
[0.722s][info][gc           ] GC(7) Pause Young (Normal) (G1 Evacuation Pause) 221M->214M(712M) 38.244ms
[0.723s][info][gc,cpu       ] GC(7) User=0.16s Sys=0.08s Real=0.04s
[0.861s][info][gc,start     ] GC(8) Pause Young (Normal) (G1 Evacuation Pause)
[0.861s][info][gc,task      ] GC(8) Using 8 workers of 8 for evacuation
[0.901s][info][gc,phases    ] GC(8)   Pre Evacuate Collection Set: 0.1ms
[0.901s][info][gc,phases    ] GC(8)   Merge Heap Roots: 0.1ms
[0.901s][info][gc,phases    ] GC(8)   Evacuate Collection Set: 36.9ms
[0.901s][info][gc,phases    ] GC(8)   Post Evacuate Collection Set: 2.7ms
[0.901s][info][gc,phases    ] GC(8)   Other: 0.2ms
[0.901s][info][gc,heap      ] GC(8) Eden regions: 11->0(13)
[0.901s][info][gc,heap      ] GC(8) Survivor regions: 2->2(2)
[0.901s][info][gc,heap      ] GC(8) Old regions: 24->34
[0.901s][info][gc,heap      ] GC(8) Archive regions: 2->2
[0.901s][info][gc,heap      ] GC(8) Humongous regions: 0->0
[0.901s][info][gc,metaspace ] GC(8) Metaspace: 529K(4864K)->529K(4864K) NonClass: 479K(4352K)->479K(4352K) Class: 50K(512K)->50K(512K)
[0.901s][info][gc           ] GC(8) Pause Young (Normal) (G1 Evacuation Pause) 302M->291M(2072M) 40.051ms
[0.901s][info][gc,cpu       ] GC(8) User=0.23s Sys=0.06s Real=0.04s
[1.160s][info][gc,start     ] GC(9) Pause Young (Normal) (G1 Evacuation Pause)
[1.160s][info][gc,task      ] GC(9) Using 8 workers of 8 for evacuation
[1.210s][info][gc,phases    ] GC(9)   Pre Evacuate Collection Set: 0.1ms
[1.210s][info][gc,phases    ] GC(9)   Merge Heap Roots: 0.1ms
[1.210s][info][gc,phases    ] GC(9)   Evacuate Collection Set: 49.3ms
[1.210s][info][gc,phases    ] GC(9)   Post Evacuate Collection Set: 0.5ms
[1.210s][info][gc,phases    ] GC(9)   Other: 0.1ms
[1.210s][info][gc,heap      ] GC(9) Eden regions: 13->0(16)
[1.210s][info][gc,heap      ] GC(9) Survivor regions: 2->2(2)
[1.210s][info][gc,heap      ] GC(9) Old regions: 34->45
[1.210s][info][gc,heap      ] GC(9) Archive regions: 2->2
[1.210s][info][gc,heap      ] GC(9) Humongous regions: 0->0
[1.210s][info][gc,metaspace ] GC(9) Metaspace: 529K(4864K)->529K(4864K) NonClass: 479K(4352K)->479K(4352K) Class: 50K(512K)->50K(512K)
[1.210s][info][gc           ] GC(9) Pause Young (Normal) (G1 Evacuation Pause) 395M->380M(2072M) 50.220ms
[1.210s][info][gc,cpu       ] GC(9) User=0.24s Sys=0.13s Real=0.05s
[1.451s][info][gc,start     ] GC(10) Pause Young (Normal) (G1 Evacuation Pause)
[1.451s][info][gc,task      ] GC(10) Using 8 workers of 8 for evacuation
[1.519s][info][gc,phases    ] GC(10)   Pre Evacuate Collection Set: 0.1ms
[1.519s][info][gc,phases    ] GC(10)   Merge Heap Roots: 0.1ms
[1.519s][info][gc,phases    ] GC(10)   Evacuate Collection Set: 66.9ms
[1.519s][info][gc,phases    ] GC(10)   Post Evacuate Collection Set: 0.7ms
[1.519s][info][gc,phases    ] GC(10)   Other: 0.2ms
[1.519s][info][gc,heap      ] GC(10) Eden regions: 16->0(19)
[1.519s][info][gc,heap      ] GC(10) Survivor regions: 2->3(3)
[1.519s][info][gc,heap      ] GC(10) Old regions: 45->59
[1.519s][info][gc,heap      ] GC(10) Archive regions: 2->2
[1.519s][info][gc,heap      ] GC(10) Humongous regions: 0->0
[1.519s][info][gc,metaspace ] GC(10) Metaspace: 534K(4864K)->534K(4864K) NonClass: 484K(4352K)->484K(4352K) Class: 50K(512K)->50K(512K)
[1.519s][info][gc           ] GC(10) Pause Young (Normal) (G1 Evacuation Pause) 508M->496M(2072M) 68.110ms
[1.519s][info][gc,cpu       ] GC(10) User=0.33s Sys=0.18s Real=0.07s
[1.763s][info][gc,start     ] GC(11) Pause Young (Normal) (G1 Evacuation Pause)
[1.763s][info][gc,task      ] GC(11) Using 8 workers of 8 for evacuation
[1.835s][info][gc,phases    ] GC(11)   Pre Evacuate Collection Set: 0.0ms
[1.835s][info][gc,phases    ] GC(11)   Merge Heap Roots: 0.0ms
[1.835s][info][gc,phases    ] GC(11)   Evacuate Collection Set: 71.1ms
[1.835s][info][gc,phases    ] GC(11)   Post Evacuate Collection Set: 0.7ms
[1.835s][info][gc,phases    ] GC(11)   Other: 0.2ms
[1.835s][info][gc,heap      ] GC(11) Eden regions: 19->0(22)
[1.835s][info][gc,heap      ] GC(11) Survivor regions: 3->3(3)
[1.835s][info][gc,heap      ] GC(11) Old regions: 59->75
[1.835s][info][gc,heap      ] GC(11) Archive regions: 2->2
[1.835s][info][gc,heap      ] GC(11) Humongous regions: 0->0
[1.835s][info][gc,metaspace ] GC(11) Metaspace: 534K(4864K)->534K(4864K) NonClass: 484K(4352K)->484K(4352K) Class: 50K(512K)->50K(512K)
[1.835s][info][gc           ] GC(11) Pause Young (Normal) (G1 Evacuation Pause) 648M->625M(2072M) 72.167ms
[1.835s][info][gc,cpu       ] GC(11) User=0.34s Sys=0.17s Real=0.07s
[2.139s][info][gc,start     ] GC(12) Pause Young (Normal) (G1 Evacuation Pause)
[2.139s][info][gc,task      ] GC(12) Using 8 workers of 8 for evacuation
[2.218s][info][gc,phases    ] GC(12)   Pre Evacuate Collection Set: 0.1ms
[2.218s][info][gc,phases    ] GC(12)   Merge Heap Roots: 0.1ms
[2.218s][info][gc,phases    ] GC(12)   Evacuate Collection Set: 76.4ms
[2.218s][info][gc,phases    ] GC(12)   Post Evacuate Collection Set: 2.1ms
[2.218s][info][gc,phases    ] GC(12)   Other: 0.3ms
[2.218s][info][gc,heap      ] GC(12) Eden regions: 22->0(25)
[2.218s][info][gc,heap      ] GC(12) Survivor regions: 3->4(4)
[2.218s][info][gc,heap      ] GC(12) Old regions: 75->94
[2.218s][info][gc,heap      ] GC(12) Archive regions: 2->2
[2.218s][info][gc,heap      ] GC(12) Humongous regions: 0->0
[2.218s][info][gc,metaspace ] GC(12) Metaspace: 534K(4864K)->534K(4864K) NonClass: 484K(4352K)->484K(4352K) Class: 50K(512K)->50K(512K)
[2.218s][info][gc           ] GC(12) Pause Young (Normal) (G1 Evacuation Pause) 801M->784M(2888M) 79.115ms
[2.218s][info][gc,cpu       ] GC(12) User=0.44s Sys=0.13s Real=0.08s
[2.700s][info][gc,start     ] GC(13) Pause Young (Normal) (G1 Evacuation Pause)
[2.700s][info][gc,task      ] GC(13) Using 8 workers of 8 for evacuation
[2.805s][info][gc,phases    ] GC(13)   Pre Evacuate Collection Set: 0.1ms
[2.805s][info][gc,phases    ] GC(13)   Merge Heap Roots: 0.1ms
[2.805s][info][gc,phases    ] GC(13)   Evacuate Collection Set: 104.1ms
[2.805s][info][gc,phases    ] GC(13)   Post Evacuate Collection Set: 0.7ms
[2.805s][info][gc,phases    ] GC(13)   Other: 0.2ms
[2.805s][info][gc,heap      ] GC(13) Eden regions: 25->0(27)
[2.805s][info][gc,heap      ] GC(13) Survivor regions: 4->4(4)
[2.805s][info][gc,heap      ] GC(13) Old regions: 94->115
[2.805s][info][gc,heap      ] GC(13) Archive regions: 2->2
[2.805s][info][gc,heap      ] GC(13) Humongous regions: 0->0
[2.805s][info][gc,metaspace ] GC(13) Metaspace: 534K(4864K)->534K(4864K) NonClass: 484K(4352K)->484K(4352K) Class: 50K(512K)->50K(512K)
[2.805s][info][gc           ] GC(13) Pause Young (Normal) (G1 Evacuation Pause) 984M->958M(2888M) 105.145ms
[2.805s][info][gc,cpu       ] GC(13) User=0.49s Sys=0.28s Real=0.11s
[3.183s][info][gc,start     ] GC(14) Pause Young (Normal) (G1 Evacuation Pause)
[3.184s][info][gc,task      ] GC(14) Using 8 workers of 8 for evacuation
[3.302s][info][gc,phases    ] GC(14)   Pre Evacuate Collection Set: 0.1ms
[3.302s][info][gc,phases    ] GC(14)   Merge Heap Roots: 0.1ms
[3.302s][info][gc,phases    ] GC(14)   Evacuate Collection Set: 117.7ms
[3.302s][info][gc,phases    ] GC(14)   Post Evacuate Collection Set: 0.7ms
[3.302s][info][gc,phases    ] GC(14)   Other: 0.2ms
[3.302s][info][gc,heap      ] GC(14) Eden regions: 27->0(29)
[3.302s][info][gc,heap      ] GC(14) Survivor regions: 4->4(4)
[3.302s][info][gc,heap      ] GC(14) Old regions: 115->139
[3.302s][info][gc,heap      ] GC(14) Archive regions: 2->2
[3.302s][info][gc,heap      ] GC(14) Humongous regions: 0->0
[3.302s][info][gc,metaspace ] GC(14) Metaspace: 534K(4864K)->534K(4864K) NonClass: 484K(4352K)->484K(4352K) Class: 50K(512K)->50K(512K)
[3.302s][info][gc           ] GC(14) Pause Young (Normal) (G1 Evacuation Pause) 1174M->1144M(2888M) 118.972ms
[3.302s][info][gc,cpu       ] GC(14) User=0.52s Sys=0.33s Real=0.12s
[3.693s][info][gc,start     ] GC(15) Pause Young (Normal) (G1 Evacuation Pause)
[3.693s][info][gc,task      ] GC(15) Using 8 workers of 8 for evacuation
[3.818s][info][gc,phases    ] GC(15)   Pre Evacuate Collection Set: 0.1ms
[3.818s][info][gc,phases    ] GC(15)   Merge Heap Roots: 0.1ms
[3.818s][info][gc,phases    ] GC(15)   Evacuate Collection Set: 123.3ms
[3.818s][info][gc,phases    ] GC(15)   Post Evacuate Collection Set: 0.6ms
[3.818s][info][gc,phases    ] GC(15)   Other: 0.3ms
[3.818s][info][gc,heap      ] GC(15) Eden regions: 29->0(31)
[3.818s][info][gc,heap      ] GC(15) Survivor regions: 4->5(5)
[3.818s][info][gc,heap      ] GC(15) Old regions: 139->164
[3.818s][info][gc,heap      ] GC(15) Archive regions: 2->2
[3.818s][info][gc,heap      ] GC(15) Humongous regions: 0->0
[3.818s][info][gc,metaspace ] GC(15) Metaspace: 534K(4864K)->534K(4864K) NonClass: 484K(4352K)->484K(4352K) Class: 50K(512K)->50K(512K)
[3.818s][info][gc           ] GC(15) Pause Young (Normal) (G1 Evacuation Pause) 1376M->1353M(2888M) 124.469ms
[3.818s][info][gc,cpu       ] GC(15) User=0.59s Sys=0.31s Real=0.12s
[4.246s][info][gc,start     ] GC(16) Pause Young (Concurrent Start) (G1 Evacuation Pause)
[4.247s][info][gc,task      ] GC(16) Using 8 workers of 8 for evacuation
[4.382s][info][gc,phases    ] GC(16)   Pre Evacuate Collection Set: 0.1ms
[4.382s][info][gc,phases    ] GC(16)   Merge Heap Roots: 0.1ms
[4.382s][info][gc,phases    ] GC(16)   Evacuate Collection Set: 133.1ms
[4.382s][info][gc,phases    ] GC(16)   Post Evacuate Collection Set: 1.5ms
[4.382s][info][gc,phases    ] GC(16)   Other: 0.4ms
[4.382s][info][gc,heap      ] GC(16) Eden regions: 31->0(29)
[4.382s][info][gc,heap      ] GC(16) Survivor regions: 5->5(5)
[4.382s][info][gc,heap      ] GC(16) Old regions: 164->191
[4.382s][info][gc,heap      ] GC(16) Archive regions: 2->2
[4.382s][info][gc,heap      ] GC(16) Humongous regions: 0->0
[4.382s][info][gc,metaspace ] GC(16) Metaspace: 534K(4864K)->534K(4864K) NonClass: 484K(4352K)->484K(4352K) Class: 50K(512K)->50K(512K)
[4.382s][info][gc           ] GC(16) Pause Young (Concurrent Start) (G1 Evacuation Pause) 1601M->1568M(3376M) 135.312ms
[4.382s][info][gc,cpu       ] GC(16) User=0.63s Sys=0.35s Real=0.14s
[4.382s][info][gc           ] GC(17) Concurrent Cycle
[4.382s][info][gc,marking   ] GC(17) Concurrent Clear Claimed Marks
[4.382s][info][gc,marking   ] GC(17) Concurrent Clear Claimed Marks 0.008ms
[4.382s][info][gc,marking   ] GC(17) Concurrent Scan Root Regions
[4.442s][info][gc,marking   ] GC(17) Concurrent Scan Root Regions 60.303ms
[4.442s][info][gc,marking   ] GC(17) Concurrent Mark (4.442s)
[4.442s][info][gc,marking   ] GC(17) Concurrent Mark From Roots
[4.442s][info][gc,task      ] GC(17) Using 2 workers of 2 for marking
[4.839s][info][gc,start     ] GC(18) Pause Young (Normal) (G1 Evacuation Pause)
[4.839s][info][gc,task      ] GC(18) Using 8 workers of 8 for evacuation
[4.962s][info][gc,phases    ] GC(18)   Pre Evacuate Collection Set: 0.1ms
[4.962s][info][gc,phases    ] GC(18)   Merge Heap Roots: 0.1ms
[4.962s][info][gc,phases    ] GC(18)   Evacuate Collection Set: 122.0ms
[4.962s][info][gc,phases    ] GC(18)   Post Evacuate Collection Set: 0.7ms
[4.962s][info][gc,phases    ] GC(18)   Other: 0.2ms
[4.962s][info][gc,heap      ] GC(18) Eden regions: 29->0(29)
[4.962s][info][gc,heap      ] GC(18) Survivor regions: 5->5(5)
[4.962s][info][gc,heap      ] GC(18) Old regions: 191->215
[4.962s][info][gc,heap      ] GC(18) Archive regions: 2->2
[4.962s][info][gc,heap      ] GC(18) Humongous regions: 0->0
[4.962s][info][gc,metaspace ] GC(18) Metaspace: 537K(4864K)->537K(4864K) NonClass: 487K(4352K)->487K(4352K) Class: 50K(512K)->50K(512K)
[4.962s][info][gc           ] GC(18) Pause Young (Normal) (G1 Evacuation Pause) 1800M->1766M(3376M) 123.174ms
[4.962s][info][gc,cpu       ] GC(18) User=0.57s Sys=0.33s Real=0.13s
[4.994s][info][gc,marking   ] GC(17) Concurrent Mark From Roots 552.194ms
[4.994s][info][gc,marking   ] GC(17) Concurrent Preclean
[5.001s][info][gc,marking   ] GC(17) Concurrent Preclean 6.929ms
[5.001s][info][gc,marking   ] GC(17) Concurrent Mark (4.442s, 5.001s) 559.231ms
[5.001s][info][gc,start     ] GC(17) Pause Remark
[5.007s][info][gc           ] GC(17) Pause Remark 1794M->1794M(3376M) 5.835ms
[5.007s][info][gc,cpu       ] GC(17) User=0.02s Sys=0.00s Real=0.01s
[5.007s][info][gc,marking   ] GC(17) Concurrent Rebuild Remembered Sets
[5.340s][info][gc,start     ] GC(19) Pause Young (Normal) (G1 Evacuation Pause)
[5.340s][info][gc,task      ] GC(19) Using 8 workers of 8 for evacuation
[5.439s][info][gc,phases    ] GC(19)   Pre Evacuate Collection Set: 0.1ms
[5.439s][info][gc,phases    ] GC(19)   Merge Heap Roots: 0.1ms
[5.439s][info][gc,phases    ] GC(19)   Evacuate Collection Set: 98.2ms
[5.439s][info][gc,phases    ] GC(19)   Post Evacuate Collection Set: 0.9ms
[5.439s][info][gc,phases    ] GC(19)   Other: 0.2ms
[5.439s][info][gc,heap      ] GC(19) Eden regions: 29->0(29)
[5.439s][info][gc,heap      ] GC(19) Survivor regions: 5->5(5)
[5.439s][info][gc,heap      ] GC(19) Old regions: 215->240
[5.439s][info][gc,heap      ] GC(19) Archive regions: 2->2
[5.439s][info][gc,heap      ] GC(19) Humongous regions: 0->0
[5.439s][info][gc,metaspace ] GC(19) Metaspace: 999K(4864K)->999K(4864K) NonClass: 884K(4352K)->884K(4352K) Class: 114K(512K)->114K(512K)
[5.439s][info][gc           ] GC(19) Pause Young (Normal) (G1 Evacuation Pause) 1998M->1960M(3376M) 99.522ms
[5.439s][info][gc,cpu       ] GC(19) User=0.53s Sys=0.20s Real=0.10s
[5.470s][info][gc,marking   ] GC(17) Concurrent Rebuild Remembered Sets 462.600ms
[5.470s][info][gc,start     ] GC(17) Pause Cleanup
[5.470s][info][gc           ] GC(17) Pause Cleanup 1980M->1980M(3376M) 0.246ms
[5.470s][info][gc,cpu       ] GC(17) User=0.00s Sys=0.00s Real=0.00s
[5.470s][info][gc,marking   ] GC(17) Concurrent Cleanup for Next Mark
[5.484s][info][gc,marking   ] GC(17) Concurrent Cleanup for Next Mark 13.474ms
[5.484s][info][gc           ] GC(17) Concurrent Cycle 1102.185ms
[5.829s][info][gc,start     ] GC(20) Pause Young (Normal) (G1 Evacuation Pause)
[5.829s][info][gc,task      ] GC(20) Using 8 workers of 8 for evacuation
[5.917s][info][gc,phases    ] GC(20)   Pre Evacuate Collection Set: 0.1ms
[5.917s][info][gc,phases    ] GC(20)   Merge Heap Roots: 0.1ms
[5.917s][info][gc,phases    ] GC(20)   Evacuate Collection Set: 87.3ms
[5.917s][info][gc,phases    ] GC(20)   Post Evacuate Collection Set: 0.8ms
[5.917s][info][gc,phases    ] GC(20)   Other: 0.3ms
[5.917s][info][gc,heap      ] GC(20) Eden regions: 29->0(33)
[5.917s][info][gc,heap      ] GC(20) Survivor regions: 5->5(5)
[5.917s][info][gc,heap      ] GC(20) Old regions: 240->264
[5.917s][info][gc,heap      ] GC(20) Archive regions: 2->2
[5.917s][info][gc,heap      ] GC(20) Humongous regions: 0->0
[5.917s][info][gc,metaspace ] GC(20) Metaspace: 999K(4864K)->999K(4864K) NonClass: 884K(4352K)->884K(4352K) Class: 114K(512K)->114K(512K)
[5.917s][info][gc           ] GC(20) Pause Young (Normal) (G1 Evacuation Pause) 2192M->2158M(3376M) 88.671ms
[5.917s][info][gc,cpu       ] GC(20) User=0.56s Sys=0.10s Real=0.09s
[6.364s][info][gc,start     ] GC(21) Pause Young (Concurrent Start) (G1 Evacuation Pause)
[6.365s][info][gc,task      ] GC(21) Using 8 workers of 8 for evacuation
[6.507s][info][gc,phases    ] GC(21)   Pre Evacuate Collection Set: 0.1ms
[6.507s][info][gc,phases    ] GC(21)   Merge Heap Roots: 0.1ms
[6.507s][info][gc,phases    ] GC(21)   Evacuate Collection Set: 140.8ms
[6.507s][info][gc,phases    ] GC(21)   Post Evacuate Collection Set: 1.2ms
[6.507s][info][gc,phases    ] GC(21)   Other: 0.3ms
[6.507s][info][gc,heap      ] GC(21) Eden regions: 33->0(31)
[6.507s][info][gc,heap      ] GC(21) Survivor regions: 5->5(5)
[6.507s][info][gc,heap      ] GC(21) Old regions: 264->293
[6.507s][info][gc,heap      ] GC(21) Archive regions: 2->2
[6.507s][info][gc,heap      ] GC(21) Humongous regions: 0->0
[6.507s][info][gc,metaspace ] GC(21) Metaspace: 999K(4864K)->999K(4864K) NonClass: 884K(4352K)->884K(4352K) Class: 114K(512K)->114K(512K)
[6.507s][info][gc           ] GC(21) Pause Young (Concurrent Start) (G1 Evacuation Pause) 2422M->2389M(3592M) 142.527ms
[6.507s][info][gc,cpu       ] GC(21) User=0.65s Sys=0.35s Real=0.14s
[6.507s][info][gc           ] GC(22) Concurrent Cycle
[6.507s][info][gc,marking   ] GC(22) Concurrent Clear Claimed Marks
[6.507s][info][gc,marking   ] GC(22) Concurrent Clear Claimed Marks 0.014ms
[6.507s][info][gc,marking   ] GC(22) Concurrent Scan Root Regions
[6.574s][info][gc,marking   ] GC(22) Concurrent Scan Root Regions 67.143ms
[6.574s][info][gc,marking   ] GC(22) Concurrent Mark (6.574s)
[6.574s][info][gc,marking   ] GC(22) Concurrent Mark From Roots
[6.574s][info][gc,task      ] GC(22) Using 2 workers of 2 for marking
[6.987s][info][gc,start     ] GC(23) Pause Young (Normal) (G1 Evacuation Pause)
[6.987s][info][gc,task      ] GC(23) Using 8 workers of 8 for evacuation
[7.105s][info][gc,phases    ] GC(23)   Pre Evacuate Collection Set: 0.1ms
[7.105s][info][gc,phases    ] GC(23)   Merge Heap Roots: 0.1ms
[7.105s][info][gc,phases    ] GC(23)   Evacuate Collection Set: 116.7ms
[7.105s][info][gc,phases    ] GC(23)   Post Evacuate Collection Set: 0.8ms
[7.105s][info][gc,phases    ] GC(23)   Other: 0.2ms
[7.105s][info][gc,heap      ] GC(23) Eden regions: 31->0(23)
[7.105s][info][gc,heap      ] GC(23) Survivor regions: 5->5(5)
[7.105s][info][gc,heap      ] GC(23) Old regions: 293->320
[7.105s][info][gc,heap      ] GC(23) Archive regions: 2->2
[7.105s][info][gc,heap      ] GC(23) Humongous regions: 0->0
[7.105s][info][gc,metaspace ] GC(23) Metaspace: 999K(4864K)->999K(4864K) NonClass: 884K(4352K)->884K(4352K) Class: 114K(512K)->114K(512K)
[7.105s][info][gc           ] GC(23) Pause Young (Normal) (G1 Evacuation Pause) 2637M->2603M(3592M) 118.320ms
[7.105s][info][gc,cpu       ] GC(23) User=0.58s Sys=0.29s Real=0.12s
[7.178s][info][gc,marking   ] GC(22) Concurrent Mark From Roots 603.423ms
[7.178s][info][gc,marking   ] GC(22) Concurrent Preclean
[7.181s][info][gc,marking   ] GC(22) Concurrent Preclean 3.089ms
[7.181s][info][gc,marking   ] GC(22) Concurrent Mark (6.574s, 7.181s) 606.636ms
[7.181s][info][gc,start     ] GC(22) Pause Remark
[7.185s][info][gc           ] GC(22) Pause Remark 2659M->2659M(4096M) 3.857ms
[7.185s][info][gc,cpu       ] GC(22) User=0.01s Sys=0.01s Real=0.01s
[7.185s][info][gc,marking   ] GC(22) Concurrent Rebuild Remembered Sets
[7.454s][info][gc,start     ] GC(24) Pause Young (Normal) (G1 Evacuation Pause)
[7.454s][info][gc,task      ] GC(24) Using 8 workers of 8 for evacuation
[7.519s][info][gc,phases    ] GC(24)   Pre Evacuate Collection Set: 0.1ms
[7.519s][info][gc,phases    ] GC(24)   Merge Heap Roots: 0.1ms
[7.519s][info][gc,phases    ] GC(24)   Evacuate Collection Set: 63.6ms
[7.519s][info][gc,phases    ] GC(24)   Post Evacuate Collection Set: 0.8ms
[7.519s][info][gc,phases    ] GC(24)   Other: 0.2ms
[7.519s][info][gc,heap      ] GC(24) Eden regions: 23->0(34)
[7.519s][info][gc,heap      ] GC(24) Survivor regions: 5->4(4)
[7.519s][info][gc,heap      ] GC(24) Old regions: 320->340
[7.519s][info][gc,heap      ] GC(24) Archive regions: 2->2
[7.519s][info][gc,heap      ] GC(24) Humongous regions: 0->0
[7.519s][info][gc,metaspace ] GC(24) Metaspace: 999K(4864K)->999K(4864K) NonClass: 884K(4352K)->884K(4352K) Class: 114K(512K)->114K(512K)
[7.519s][info][gc           ] GC(24) Pause Young (Normal) (G1 Evacuation Pause) 2787M->2753M(4096M) 64.948ms
[7.519s][info][gc,cpu       ] GC(24) User=0.42s Sys=0.04s Real=0.06s
[7.677s][info][gc,marking   ] GC(22) Concurrent Rebuild Remembered Sets 492.269ms
[7.678s][info][gc,start     ] GC(22) Pause Cleanup
[7.678s][info][gc           ] GC(22) Pause Cleanup 2853M->2853M(4096M) 0.228ms
[7.678s][info][gc,cpu       ] GC(22) User=0.00s Sys=0.00s Real=0.00s
[7.678s][info][gc,marking   ] GC(22) Concurrent Cleanup for Next Mark
[7.695s][info][gc,marking   ] GC(22) Concurrent Cleanup for Next Mark 16.852ms
[7.695s][info][gc           ] GC(22) Concurrent Cycle 1187.664ms
[8.078s][info][gc,start     ] GC(25) Pause Young (Prepare Mixed) (G1 Evacuation Pause)
[8.078s][info][gc,task      ] GC(25) Using 8 workers of 8 for evacuation
[8.237s][info][gc,phases    ] GC(25)   Pre Evacuate Collection Set: 0.1ms
[8.237s][info][gc,phases    ] GC(25)   Merge Heap Roots: 0.1ms
[8.237s][info][gc,phases    ] GC(25)   Evacuate Collection Set: 157.8ms
[8.237s][info][gc,phases    ] GC(25)   Post Evacuate Collection Set: 0.7ms
[8.237s][info][gc,phases    ] GC(25)   Other: 0.2ms
[8.237s][info][gc,heap      ] GC(25) Eden regions: 34->0(20)
[8.237s][info][gc,heap      ] GC(25) Survivor regions: 4->5(5)
[8.237s][info][gc,heap      ] GC(25) Old regions: 340->369
[8.237s][info][gc,heap      ] GC(25) Archive regions: 2->2
[8.237s][info][gc,heap      ] GC(25) Humongous regions: 0->0
[8.237s][info][gc,metaspace ] GC(25) Metaspace: 999K(4864K)->999K(4864K) NonClass: 884K(4352K)->884K(4352K) Class: 114K(512K)->114K(512K)
[8.237s][info][gc           ] GC(25) Pause Young (Prepare Mixed) (G1 Evacuation Pause) 3025M->2999M(4096M) 158.973ms
[8.237s][info][gc,cpu       ] GC(25) User=0.63s Sys=0.13s Real=0.16s
[8.490s][info][gc,start     ] GC(26) Pause Young (Mixed) (G1 Evacuation Pause)
[8.491s][info][gc,task      ] GC(26) Using 8 workers of 8 for evacuation
[8.594s][info][gc,phases    ] GC(26)   Pre Evacuate Collection Set: 0.1ms
[8.594s][info][gc,phases    ] GC(26)   Merge Heap Roots: 0.1ms
[8.594s][info][gc,phases    ] GC(26)   Evacuate Collection Set: 95.5ms
[8.594s][info][gc,phases    ] GC(26)   Merge Optional Heap Roots: 0.1ms
[8.594s][info][gc,phases    ] GC(26)   Evacuate Optional Collection Set: 6.5ms
[8.594s][info][gc,phases    ] GC(26)   Post Evacuate Collection Set: 0.9ms
[8.594s][info][gc,phases    ] GC(26)   Other: 0.2ms
[8.594s][info][gc,heap      ] GC(26) Eden regions: 20->0(21)
[8.594s][info][gc,heap      ] GC(26) Survivor regions: 5->4(4)
[8.594s][info][gc,heap      ] GC(26) Old regions: 369->349
[8.594s][info][gc,heap      ] GC(26) Archive regions: 2->2
[8.594s][info][gc,heap      ] GC(26) Humongous regions: 0->0
[8.594s][info][gc,metaspace ] GC(26) Metaspace: 999K(4864K)->999K(4864K) NonClass: 884K(4352K)->884K(4352K) Class: 114K(512K)->114K(512K)
[8.594s][info][gc           ] GC(26) Pause Young (Mixed) (G1 Evacuation Pause) 3159M->2831M(4096M) 103.500ms
[8.594s][info][gc,cpu       ] GC(26) User=0.56s Sys=0.05s Real=0.11s
[8.874s][info][gc,start     ] GC(27) Pause Young (Mixed) (G1 Evacuation Pause)
[8.874s][info][gc,task      ] GC(27) Using 8 workers of 8 for evacuation
[8.970s][info][gc,phases    ] GC(27)   Pre Evacuate Collection Set: 0.2ms
[8.971s][info][gc,phases    ] GC(27)   Merge Heap Roots: 0.2ms
[8.971s][info][gc,phases    ] GC(27)   Evacuate Collection Set: 82.4ms
[8.971s][info][gc,phases    ] GC(27)   Merge Optional Heap Roots: 0.5ms
[8.971s][info][gc,phases    ] GC(27)   Evacuate Optional Collection Set: 11.7ms
[8.971s][info][gc,phases    ] GC(27)   Post Evacuate Collection Set: 1.0ms
[8.971s][info][gc,phases    ] GC(27)   Other: 0.3ms
[8.971s][info][gc,heap      ] GC(27) Eden regions: 21->0(35)
[8.971s][info][gc,heap      ] GC(27) Survivor regions: 4->4(4)
[8.971s][info][gc,heap      ] GC(27) Old regions: 349->337
[8.971s][info][gc,heap      ] GC(27) Archive regions: 2->2
[8.971s][info][gc,heap      ] GC(27) Humongous regions: 0->0
[8.971s][info][gc,metaspace ] GC(27) Metaspace: 999K(4864K)->999K(4864K) NonClass: 884K(4352K)->884K(4352K) Class: 114K(512K)->114K(512K)
[8.971s][info][gc           ] GC(27) Pause Young (Mixed) (G1 Evacuation Pause) 2999M->2731M(4096M) 96.314ms
[8.971s][info][gc,cpu       ] GC(27) User=0.74s Sys=0.01s Real=0.09s
[9.432s][info][gc,start     ] GC(28) Pause Young (Concurrent Start) (G1 Evacuation Pause)
[9.432s][info][gc,task      ] GC(28) Using 8 workers of 8 for evacuation
[9.520s][info][gc,phases    ] GC(28)   Pre Evacuate Collection Set: 0.1ms
[9.520s][info][gc,phases    ] GC(28)   Merge Heap Roots: 0.2ms
[9.520s][info][gc,phases    ] GC(28)   Evacuate Collection Set: 87.3ms
[9.520s][info][gc,phases    ] GC(28)   Post Evacuate Collection Set: 0.9ms
[9.520s][info][gc,phases    ] GC(28)   Other: 0.3ms
[9.520s][info][gc,heap      ] GC(28) Eden regions: 35->0(25)
[9.520s][info][gc,heap      ] GC(28) Survivor regions: 4->5(5)
[9.520s][info][gc,heap      ] GC(28) Old regions: 337->368
[9.520s][info][gc,heap      ] GC(28) Archive regions: 2->2
[9.520s][info][gc,heap      ] GC(28) Humongous regions: 0->0
[9.520s][info][gc,metaspace ] GC(28) Metaspace: 999K(4864K)->999K(4864K) NonClass: 884K(4352K)->884K(4352K) Class: 114K(512K)->114K(512K)
[9.520s][info][gc           ] GC(28) Pause Young (Concurrent Start) (G1 Evacuation Pause) 3011M->2989M(4096M) 88.906ms
[9.520s][info][gc,cpu       ] GC(28) User=0.67s Sys=0.02s Real=0.08s
[9.521s][info][gc           ] GC(29) Concurrent Cycle
[9.521s][info][gc,marking   ] GC(29) Concurrent Clear Claimed Marks
[9.521s][info][gc,marking   ] GC(29) Concurrent Clear Claimed Marks 0.041ms
[9.521s][info][gc,marking   ] GC(29) Concurrent Scan Root Regions
[9.578s][info][gc,marking   ] GC(29) Concurrent Scan Root Regions 56.927ms
[9.578s][info][gc,marking   ] GC(29) Concurrent Mark (9.578s)
[9.578s][info][gc,marking   ] GC(29) Concurrent Mark From Roots
[9.578s][info][gc,task      ] GC(29) Using 2 workers of 2 for marking
[10.311s][info][gc,marking   ] GC(29) Concurrent Mark From Roots 733.215ms
[10.311s][info][gc,marking   ] GC(29) Concurrent Preclean
[10.316s][info][gc,marking   ] GC(29) Concurrent Preclean 5.104ms
[10.316s][info][gc,marking   ] GC(29) Concurrent Mark (9.578s, 10.316s) 738.438ms
[10.316s][info][gc,start     ] GC(29) Pause Remark
[10.320s][info][gc           ] GC(29) Pause Remark 3111M->3111M(4096M) 3.460ms
[10.320s][info][gc,cpu       ] GC(29) User=0.01s Sys=0.00s Real=0.00s
[10.320s][info][gc,marking   ] GC(29) Concurrent Rebuild Remembered Sets
[10.835s][info][gc,marking   ] GC(29) Concurrent Rebuild Remembered Sets 515.618ms
[10.835s][info][gc,start     ] GC(29) Pause Cleanup
[10.836s][info][gc           ] GC(29) Pause Cleanup 3111M->3111M(4096M) 0.304ms
[10.836s][info][gc,cpu       ] GC(29) User=0.00s Sys=0.00s Real=0.00s
[10.836s][info][gc,marking   ] GC(29) Concurrent Cleanup for Next Mark
[10.843s][info][gc,marking   ] GC(29) Concurrent Cleanup for Next Mark 7.504ms
[10.843s][info][gc           ] GC(29) Concurrent Cycle 1322.790ms
[10.843s][info][gc,heap,exit ] Heap
[10.843s][info][gc,heap,exit ]  garbage-first heap   total 4194304K, used 3184360K [0x0000000700000000, 0x0000000800000000)
[10.843s][info][gc,heap,exit ]   region size 8192K, 21 young (172032K), 5 survivors (40960K)
[10.843s][info][gc,heap,exit ]  Metaspace       used 1017K, capacity 4679K, committed 4864K, reserved 1056768K
[10.843s][info][gc,heap,exit ]   class space    used 118K, capacity 453K, committed 512K, reserved 1048576K
